Device Index: 0
  Selected: true
  Device Name: NVIDIA GeForce RTX 4060
  Device Vendor: NVIDIA Corporation
  Device Version: OpenCL 3.0 CUDA
  Driver Version: 591.86
  Device Type: gpu 
  Device Extensions: cl_khr_global_int32_base_atomics cl_khr_global_int32_extended_atomics cl_khr_local_int32_base_atomics cl_khr_local_int32_extended_atomics cl_khr_fp64 cl_khr_3d_image_writes cl_khr_byte_addressable_store cl_khr_icd cl_khr_gl_sharing cl_nv_compiler_options cl_nv_device_attribute_query cl_nv_pragma_unroll cl_nv_d3d10_sharing cl_khr_d3d10_sharing cl_nv_d3d11_sharing cl_nv_copy_opts cl_nv_create_buffer cl_khr_int64_base_atomics cl_khr_int64_extended_atomics cl_khr_device_uuid cl_khr_pci_bus_info cl_khr_external_semaphore cl_khr_external_memory cl_khr_external_semaphore_win32 cl_khr_external_memory_win32 cl_khr_semaphore
  Device OpenCL C Version: OpenCL C 1.2 
  Device Available: true
  Device Compiler Available: true
  Device Linker Available: true
  Platform Name: NVIDIA CUDA
  Platform Vendor: NVIDIA Corporation
  Platform Version: OpenCL 3.0 CUDA 13.1.123
  Platform Profile: FULL_PROFILE
  Platform Extensions: cl_khr_global_int32_base_atomics cl_khr_global_int32_extended_atomics cl_khr_local_int32_base_atomics cl_khr_local_int32_extended_atomics cl_khr_fp64 cl_khr_3d_image_writes cl_khr_byte_addressable_store cl_khr_icd cl_khr_gl_sharing cl_nv_compiler_options cl_nv_device_attribute_query cl_nv_pragma_unroll cl_nv_d3d10_sharing cl_khr_d3d10_sharing cl_nv_d3d11_sharing cl_nv_copy_opts cl_nv_create_buffer cl_khr_int64_base_atomics cl_khr_int64_extended_atomics cl_khr_device_uuid cl_khr_pci_bus_info cl_khr_external_semaphore cl_khr_external_memory cl_khr_external_semaphore_win32 cl_khr_external_memory_win32 cl_khr_semaphore

Device Index: 1
  Selected: false
  Device Name: NVIDIA GeForce RTX 4060
  Device Vendor: Microsoft
  Device Version: OpenCL 3.0 D3D12 Implementation
  Driver Version: 1.1.0
  Device Type: gpu 
  Device Extensions: cl_khr_global_int32_base_atomics cl_khr_global_int32_extended_atomics cl_khr_local_int32_base_atomics cl_khr_local_int32_extended_atomics cl_khr_byte_addressable_store cl_khr_il_program cl_khr_gl_sharing cl_khr_gl_event cl_khr_3d_image_writes 
  Device OpenCL C Version: OpenCL C 1.2 
  Device Available: true
  Device Compiler Available: true
  Device Linker Available: true
  Platform Name: OpenCLOn12
  Platform Vendor: Microsoft
  Platform Version: OpenCL 3.0 D3D12 Implementation
  Platform Profile: FULL_PROFILE
  Platform Extensions: cl_khr_icd cl_khr_extended_versioning cl_khr_global_int32_base_atomics cl_khr_global_int32_extended_atomics cl_khr_local_int32_base_atomics cl_khr_local_int32_extended_atomics cl_khr_byte_addressable_store cl_khr_il_program cl_khr_gl_sharing cl_khr_gl_event 

Device Index: 2
  Selected: false
  Device Name: Microsoft Basic Render Driver
  Device Vendor: Microsoft
  Device Version: OpenCL 3.0 D3D12 Implementation
  Driver Version: 1.1.0
  Device Type: cpu 
  Device Extensions: cl_khr_global_int32_base_atomics cl_khr_global_int32_extended_atomics cl_khr_local_int32_base_atomics cl_khr_local_int32_extended_atomics cl_khr_byte_addressable_store cl_khr_il_program cl_khr_gl_sharing cl_khr_gl_event cl_khr_3d_image_writes 
  Device OpenCL C Version: OpenCL C 1.2 
  Device Available: true
  Device Compiler Available: true
  Device Linker Available: true
  Platform Name: OpenCLOn12
  Platform Vendor: Microsoft
  Platform Version: OpenCL 3.0 D3D12 Implementation
  Platform Profile: FULL_PROFILE
  Platform Extensions: cl_khr_icd cl_khr_extended_versioning cl_khr_global_int32_base_atomics cl_khr_global_int32_extended_atomics cl_khr_local_int32_base_atomics cl_khr_local_int32_extended_atomics cl_khr_byte_addressable_store cl_khr_il_program cl_khr_gl_sharing cl_khr_gl_event 

